// Jest Snapshot v1, https://goo.gl/fbAQLP

exports[`Rating should toggle the popup to rate when clicked on rate this 1`] = `
ShallowWrapper {
  Symbol(enzyme.__root__): [Circular],
  Symbol(enzyme.__unrendered__): <Rating />,
  Symbol(enzyme.__renderer__): Object {
    "batchedUpdates": [Function],
    "checkPropTypes": [Function],
    "getNode": [Function],
    "render": [Function],
    "simulateError": [Function],
    "simulateEvent": [Function],
    "unmount": [Function],
  },
  Symbol(enzyme.__node__): Object {
    "instance": null,
    "key": undefined,
    "nodeType": "host",
    "props": Object {
      "children": Array [
        <div
          className={
            Object {
              "data-css-120budj": "",
            }
          }
        >
          <Star
            color="#FCCA46"
          />
          <div
            className={
              Object {
                "data-css-o9v930": "",
              }
            }
          >
            <span
              className={
                Object {
                  "data-css-1niqrjj": "",
                }
              }
            >
              9.8
            </span>
            <span
              className={
                Object {
                  "data-css-1j754c6": "",
                }
              }
            >
              146
            </span>
          </div>
        </div>,
        <div
          className={
            Object {
              "data-css-120budj": "",
            }
          }
          id="rate-this-toggle"
          onClick={[Function]}
          style={
            Object {
              "borderLeft": "1px solid #ccc",
              "cursor": "pointer",
            }
          }
        >
          <Star
            color="#ccc"
          />
          <div
            className={
              Object {
                "data-css-o9v930": "",
              }
            }
          >
            <span
              className={
                Object {
                  "data-css-1j754c6": "",
                }
              }
            >
              Rate this
            </span>
          </div>
        </div>,
        <RatingPopup />,
      ],
      "className": Object {
        "data-css-1g76i17": "",
      },
    },
    "ref": null,
    "rendered": Array [
      Object {
        "instance": null,
        "key": undefined,
        "nodeType": "host",
        "props": Object {
          "children": Array [
            <Star
              color="#FCCA46"
            />,
            <div
              className={
                Object {
                  "data-css-o9v930": "",
                }
              }
            >
              <span
                className={
                  Object {
                    "data-css-1niqrjj": "",
                  }
                }
              >
                9.8
              </span>
              <span
                className={
                  Object {
                    "data-css-1j754c6": "",
                  }
                }
              >
                146
              </span>
            </div>,
          ],
          "className": Object {
            "data-css-120budj": "",
          },
        },
        "ref": null,
        "rendered": Array [
          Object {
            "instance": null,
            "key": undefined,
            "nodeType": "function",
            "props": Object {
              "color": "#FCCA46",
            },
            "ref": null,
            "rendered": null,
            "type": [Function],
          },
          Object {
            "instance": null,
            "key": undefined,
            "nodeType": "host",
            "props": Object {
              "children": Array [
                <span
                  className={
                    Object {
                      "data-css-1niqrjj": "",
                    }
                  }
                >
                  9.8
                </span>,
                <span
                  className={
                    Object {
                      "data-css-1j754c6": "",
                    }
                  }
                >
                  146
                </span>,
              ],
              "className": Object {
                "data-css-o9v930": "",
              },
            },
            "ref": null,
            "rendered": Array [
              Object {
                "instance": null,
                "key": undefined,
                "nodeType": "host",
                "props": Object {
                  "children": "9.8",
                  "className": Object {
                    "data-css-1niqrjj": "",
                  },
                },
                "ref": null,
                "rendered": "9.8",
                "type": "span",
              },
              Object {
                "instance": null,
                "key": undefined,
                "nodeType": "host",
                "props": Object {
                  "children": "146",
                  "className": Object {
                    "data-css-1j754c6": "",
                  },
                },
                "ref": null,
                "rendered": "146",
                "type": "span",
              },
            ],
            "type": "div",
          },
        ],
        "type": "div",
      },
      Object {
        "instance": null,
        "key": undefined,
        "nodeType": "host",
        "props": Object {
          "children": Array [
            <Star
              color="#ccc"
            />,
            <div
              className={
                Object {
                  "data-css-o9v930": "",
                }
              }
            >
              <span
                className={
                  Object {
                    "data-css-1j754c6": "",
                  }
                }
              >
                Rate this
              </span>
            </div>,
          ],
          "className": Object {
            "data-css-120budj": "",
          },
          "id": "rate-this-toggle",
          "onClick": [Function],
          "style": Object {
            "borderLeft": "1px solid #ccc",
            "cursor": "pointer",
          },
        },
        "ref": null,
        "rendered": Array [
          Object {
            "instance": null,
            "key": undefined,
            "nodeType": "function",
            "props": Object {
              "color": "#ccc",
            },
            "ref": null,
            "rendered": null,
            "type": [Function],
          },
          Object {
            "instance": null,
            "key": undefined,
            "nodeType": "host",
            "props": Object {
              "children": <span
                className={
                  Object {
                    "data-css-1j754c6": "",
                  }
                }
              >
                Rate this
              </span>,
              "className": Object {
                "data-css-o9v930": "",
              },
            },
            "ref": null,
            "rendered": Object {
              "instance": null,
              "key": undefined,
              "nodeType": "host",
              "props": Object {
                "children": "Rate this",
                "className": Object {
                  "data-css-1j754c6": "",
                },
              },
              "ref": null,
              "rendered": "Rate this",
              "type": "span",
            },
            "type": "div",
          },
        ],
        "type": "div",
      },
      Object {
        "instance": null,
        "key": undefined,
        "nodeType": "function",
        "props": Object {},
        "ref": null,
        "rendered": null,
        "type": [Function],
      },
    ],
    "type": "div",
  },
  Symbol(enzyme.__nodes__): Array [
    Object {
      "instance": null,
      "key": undefined,
      "nodeType": "host",
      "props": Object {
        "children": Array [
          <div
            className={
              Object {
                "data-css-120budj": "",
              }
            }
          >
            <Star
              color="#FCCA46"
            />
            <div
              className={
                Object {
                  "data-css-o9v930": "",
                }
              }
            >
              <span
                className={
                  Object {
                    "data-css-1niqrjj": "",
                  }
                }
              >
                9.8
              </span>
              <span
                className={
                  Object {
                    "data-css-1j754c6": "",
                  }
                }
              >
                146
              </span>
            </div>
          </div>,
          <div
            className={
              Object {
                "data-css-120budj": "",
              }
            }
            id="rate-this-toggle"
            onClick={[Function]}
            style={
              Object {
                "borderLeft": "1px solid #ccc",
                "cursor": "pointer",
              }
            }
          >
            <Star
              color="#ccc"
            />
            <div
              className={
                Object {
                  "data-css-o9v930": "",
                }
              }
            >
              <span
                className={
                  Object {
                    "data-css-1j754c6": "",
                  }
                }
              >
                Rate this
              </span>
            </div>
          </div>,
          <RatingPopup />,
        ],
        "className": Object {
          "data-css-1g76i17": "",
        },
      },
      "ref": null,
      "rendered": Array [
        Object {
          "instance": null,
          "key": undefined,
          "nodeType": "host",
          "props": Object {
            "children": Array [
              <Star
                color="#FCCA46"
              />,
              <div
                className={
                  Object {
                    "data-css-o9v930": "",
                  }
                }
              >
                <span
                  className={
                    Object {
                      "data-css-1niqrjj": "",
                    }
                  }
                >
                  9.8
                </span>
                <span
                  className={
                    Object {
                      "data-css-1j754c6": "",
                    }
                  }
                >
                  146
                </span>
              </div>,
            ],
            "className": Object {
              "data-css-120budj": "",
            },
          },
          "ref": null,
          "rendered": Array [
            Object {
              "instance": null,
              "key": undefined,
              "nodeType": "function",
              "props": Object {
                "color": "#FCCA46",
              },
              "ref": null,
              "rendered": null,
              "type": [Function],
            },
            Object {
              "instance": null,
              "key": undefined,
              "nodeType": "host",
              "props": Object {
                "children": Array [
                  <span
                    className={
                      Object {
                        "data-css-1niqrjj": "",
                      }
                    }
                  >
                    9.8
                  </span>,
                  <span
                    className={
                      Object {
                        "data-css-1j754c6": "",
                      }
                    }
                  >
                    146
                  </span>,
                ],
                "className": Object {
                  "data-css-o9v930": "",
                },
              },
              "ref": null,
              "rendered": Array [
                Object {
                  "instance": null,
                  "key": undefined,
                  "nodeType": "host",
                  "props": Object {
                    "children": "9.8",
                    "className": Object {
                      "data-css-1niqrjj": "",
                    },
                  },
                  "ref": null,
                  "rendered": "9.8",
                  "type": "span",
                },
                Object {
                  "instance": null,
                  "key": undefined,
                  "nodeType": "host",
                  "props": Object {
                    "children": "146",
                    "className": Object {
                      "data-css-1j754c6": "",
                    },
                  },
                  "ref": null,
                  "rendered": "146",
                  "type": "span",
                },
              ],
              "type": "div",
            },
          ],
          "type": "div",
        },
        Object {
          "instance": null,
          "key": undefined,
          "nodeType": "host",
          "props": Object {
            "children": Array [
              <Star
                color="#ccc"
              />,
              <div
                className={
                  Object {
                    "data-css-o9v930": "",
                  }
                }
              >
                <span
                  className={
                    Object {
                      "data-css-1j754c6": "",
                    }
                  }
                >
                  Rate this
                </span>
              </div>,
            ],
            "className": Object {
              "data-css-120budj": "",
            },
            "id": "rate-this-toggle",
            "onClick": [Function],
            "style": Object {
              "borderLeft": "1px solid #ccc",
              "cursor": "pointer",
            },
          },
          "ref": null,
          "rendered": Array [
            Object {
              "instance": null,
              "key": undefined,
              "nodeType": "function",
              "props": Object {
                "color": "#ccc",
              },
              "ref": null,
              "rendered": null,
              "type": [Function],
            },
            Object {
              "instance": null,
              "key": undefined,
              "nodeType": "host",
              "props": Object {
                "children": <span
                  className={
                    Object {
                      "data-css-1j754c6": "",
                    }
                  }
                >
                  Rate this
                </span>,
                "className": Object {
                  "data-css-o9v930": "",
                },
              },
              "ref": null,
              "rendered": Object {
                "instance": null,
                "key": undefined,
                "nodeType": "host",
                "props": Object {
                  "children": "Rate this",
                  "className": Object {
                    "data-css-1j754c6": "",
                  },
                },
                "ref": null,
                "rendered": "Rate this",
                "type": "span",
              },
              "type": "div",
            },
          ],
          "type": "div",
        },
        Object {
          "instance": null,
          "key": undefined,
          "nodeType": "function",
          "props": Object {},
          "ref": null,
          "rendered": null,
          "type": [Function],
        },
      ],
      "type": "div",
    },
  ],
  Symbol(enzyme.__options__): Object {
    "adapter": ReactSixteenAdapter {
      "options": Object {
        "enableComponentDidUpdateOnSetState": true,
        "legacyContextMode": "parent",
        "lifecycles": Object {
          "componentDidUpdate": Object {
            "onSetState": true,
          },
          "getChildContext": Object {
            "calledByRenderer": false,
          },
          "getDerivedStateFromError": true,
          "getDerivedStateFromProps": Object {
            "hasShouldComponentUpdateBug": false,
          },
          "getSnapshotBeforeUpdate": true,
          "setState": Object {
            "skipsComponentDidUpdateOnNullish": true,
          },
        },
      },
    },
  },
}
`;

exports[`Rating should toggle the popup to rate when clicked on rate this 2`] = `
ShallowWrapper {
  Symbol(enzyme.__root__): [Circular],
  Symbol(enzyme.__unrendered__): <Rating />,
  Symbol(enzyme.__renderer__): Object {
    "batchedUpdates": [Function],
    "checkPropTypes": [Function],
    "getNode": [Function],
    "render": [Function],
    "simulateError": [Function],
    "simulateEvent": [Function],
    "unmount": [Function],
  },
  Symbol(enzyme.__node__): Object {
    "instance": null,
    "key": undefined,
    "nodeType": "host",
    "props": Object {
      "children": Array [
        <div
          className={
            Object {
              "data-css-120budj": "",
            }
          }
        >
          <Star
            color="#FCCA46"
          />
          <div
            className={
              Object {
                "data-css-o9v930": "",
              }
            }
          >
            <span
              className={
                Object {
                  "data-css-1niqrjj": "",
                }
              }
            >
              9.8
            </span>
            <span
              className={
                Object {
                  "data-css-1j754c6": "",
                }
              }
            >
              146
            </span>
          </div>
        </div>,
        <div
          className={
            Object {
              "data-css-120budj": "",
            }
          }
          id="rate-this-toggle"
          onClick={[Function]}
          style={
            Object {
              "borderLeft": "1px solid #ccc",
              "cursor": "pointer",
            }
          }
        >
          <Star
            color="#ccc"
          />
          <div
            className={
              Object {
                "data-css-o9v930": "",
              }
            }
          >
            <span
              className={
                Object {
                  "data-css-1j754c6": "",
                }
              }
            >
              Rate this
            </span>
          </div>
        </div>,
        <RatingPopup />,
      ],
      "className": Object {
        "data-css-1g76i17": "",
      },
    },
    "ref": null,
    "rendered": Array [
      Object {
        "instance": null,
        "key": undefined,
        "nodeType": "host",
        "props": Object {
          "children": Array [
            <Star
              color="#FCCA46"
            />,
            <div
              className={
                Object {
                  "data-css-o9v930": "",
                }
              }
            >
              <span
                className={
                  Object {
                    "data-css-1niqrjj": "",
                  }
                }
              >
                9.8
              </span>
              <span
                className={
                  Object {
                    "data-css-1j754c6": "",
                  }
                }
              >
                146
              </span>
            </div>,
          ],
          "className": Object {
            "data-css-120budj": "",
          },
        },
        "ref": null,
        "rendered": Array [
          Object {
            "instance": null,
            "key": undefined,
            "nodeType": "function",
            "props": Object {
              "color": "#FCCA46",
            },
            "ref": null,
            "rendered": null,
            "type": [Function],
          },
          Object {
            "instance": null,
            "key": undefined,
            "nodeType": "host",
            "props": Object {
              "children": Array [
                <span
                  className={
                    Object {
                      "data-css-1niqrjj": "",
                    }
                  }
                >
                  9.8
                </span>,
                <span
                  className={
                    Object {
                      "data-css-1j754c6": "",
                    }
                  }
                >
                  146
                </span>,
              ],
              "className": Object {
                "data-css-o9v930": "",
              },
            },
            "ref": null,
            "rendered": Array [
              Object {
                "instance": null,
                "key": undefined,
                "nodeType": "host",
                "props": Object {
                  "children": "9.8",
                  "className": Object {
                    "data-css-1niqrjj": "",
                  },
                },
                "ref": null,
                "rendered": "9.8",
                "type": "span",
              },
              Object {
                "instance": null,
                "key": undefined,
                "nodeType": "host",
                "props": Object {
                  "children": "146",
                  "className": Object {
                    "data-css-1j754c6": "",
                  },
                },
                "ref": null,
                "rendered": "146",
                "type": "span",
              },
            ],
            "type": "div",
          },
        ],
        "type": "div",
      },
      Object {
        "instance": null,
        "key": undefined,
        "nodeType": "host",
        "props": Object {
          "children": Array [
            <Star
              color="#ccc"
            />,
            <div
              className={
                Object {
                  "data-css-o9v930": "",
                }
              }
            >
              <span
                className={
                  Object {
                    "data-css-1j754c6": "",
                  }
                }
              >
                Rate this
              </span>
            </div>,
          ],
          "className": Object {
            "data-css-120budj": "",
          },
          "id": "rate-this-toggle",
          "onClick": [Function],
          "style": Object {
            "borderLeft": "1px solid #ccc",
            "cursor": "pointer",
          },
        },
        "ref": null,
        "rendered": Array [
          Object {
            "instance": null,
            "key": undefined,
            "nodeType": "function",
            "props": Object {
              "color": "#ccc",
            },
            "ref": null,
            "rendered": null,
            "type": [Function],
          },
          Object {
            "instance": null,
            "key": undefined,
            "nodeType": "host",
            "props": Object {
              "children": <span
                className={
                  Object {
                    "data-css-1j754c6": "",
                  }
                }
              >
                Rate this
              </span>,
              "className": Object {
                "data-css-o9v930": "",
              },
            },
            "ref": null,
            "rendered": Object {
              "instance": null,
              "key": undefined,
              "nodeType": "host",
              "props": Object {
                "children": "Rate this",
                "className": Object {
                  "data-css-1j754c6": "",
                },
              },
              "ref": null,
              "rendered": "Rate this",
              "type": "span",
            },
            "type": "div",
          },
        ],
        "type": "div",
      },
      Object {
        "instance": null,
        "key": undefined,
        "nodeType": "function",
        "props": Object {},
        "ref": null,
        "rendered": null,
        "type": [Function],
      },
    ],
    "type": "div",
  },
  Symbol(enzyme.__nodes__): Array [
    Object {
      "instance": null,
      "key": undefined,
      "nodeType": "host",
      "props": Object {
        "children": Array [
          <div
            className={
              Object {
                "data-css-120budj": "",
              }
            }
          >
            <Star
              color="#FCCA46"
            />
            <div
              className={
                Object {
                  "data-css-o9v930": "",
                }
              }
            >
              <span
                className={
                  Object {
                    "data-css-1niqrjj": "",
                  }
                }
              >
                9.8
              </span>
              <span
                className={
                  Object {
                    "data-css-1j754c6": "",
                  }
                }
              >
                146
              </span>
            </div>
          </div>,
          <div
            className={
              Object {
                "data-css-120budj": "",
              }
            }
            id="rate-this-toggle"
            onClick={[Function]}
            style={
              Object {
                "borderLeft": "1px solid #ccc",
                "cursor": "pointer",
              }
            }
          >
            <Star
              color="#ccc"
            />
            <div
              className={
                Object {
                  "data-css-o9v930": "",
                }
              }
            >
              <span
                className={
                  Object {
                    "data-css-1j754c6": "",
                  }
                }
              >
                Rate this
              </span>
            </div>
          </div>,
          <RatingPopup />,
        ],
        "className": Object {
          "data-css-1g76i17": "",
        },
      },
      "ref": null,
      "rendered": Array [
        Object {
          "instance": null,
          "key": undefined,
          "nodeType": "host",
          "props": Object {
            "children": Array [
              <Star
                color="#FCCA46"
              />,
              <div
                className={
                  Object {
                    "data-css-o9v930": "",
                  }
                }
              >
                <span
                  className={
                    Object {
                      "data-css-1niqrjj": "",
                    }
                  }
                >
                  9.8
                </span>
                <span
                  className={
                    Object {
                      "data-css-1j754c6": "",
                    }
                  }
                >
                  146
                </span>
              </div>,
            ],
            "className": Object {
              "data-css-120budj": "",
            },
          },
          "ref": null,
          "rendered": Array [
            Object {
              "instance": null,
              "key": undefined,
              "nodeType": "function",
              "props": Object {
                "color": "#FCCA46",
              },
              "ref": null,
              "rendered": null,
              "type": [Function],
            },
            Object {
              "instance": null,
              "key": undefined,
              "nodeType": "host",
              "props": Object {
                "children": Array [
                  <span
                    className={
                      Object {
                        "data-css-1niqrjj": "",
                      }
                    }
                  >
                    9.8
                  </span>,
                  <span
                    className={
                      Object {
                        "data-css-1j754c6": "",
                      }
                    }
                  >
                    146
                  </span>,
                ],
                "className": Object {
                  "data-css-o9v930": "",
                },
              },
              "ref": null,
              "rendered": Array [
                Object {
                  "instance": null,
                  "key": undefined,
                  "nodeType": "host",
                  "props": Object {
                    "children": "9.8",
                    "className": Object {
                      "data-css-1niqrjj": "",
                    },
                  },
                  "ref": null,
                  "rendered": "9.8",
                  "type": "span",
                },
                Object {
                  "instance": null,
                  "key": undefined,
                  "nodeType": "host",
                  "props": Object {
                    "children": "146",
                    "className": Object {
                      "data-css-1j754c6": "",
                    },
                  },
                  "ref": null,
                  "rendered": "146",
                  "type": "span",
                },
              ],
              "type": "div",
            },
          ],
          "type": "div",
        },
        Object {
          "instance": null,
          "key": undefined,
          "nodeType": "host",
          "props": Object {
            "children": Array [
              <Star
                color="#ccc"
              />,
              <div
                className={
                  Object {
                    "data-css-o9v930": "",
                  }
                }
              >
                <span
                  className={
                    Object {
                      "data-css-1j754c6": "",
                    }
                  }
                >
                  Rate this
                </span>
              </div>,
            ],
            "className": Object {
              "data-css-120budj": "",
            },
            "id": "rate-this-toggle",
            "onClick": [Function],
            "style": Object {
              "borderLeft": "1px solid #ccc",
              "cursor": "pointer",
            },
          },
          "ref": null,
          "rendered": Array [
            Object {
              "instance": null,
              "key": undefined,
              "nodeType": "function",
              "props": Object {
                "color": "#ccc",
              },
              "ref": null,
              "rendered": null,
              "type": [Function],
            },
            Object {
              "instance": null,
              "key": undefined,
              "nodeType": "host",
              "props": Object {
                "children": <span
                  className={
                    Object {
                      "data-css-1j754c6": "",
                    }
                  }
                >
                  Rate this
                </span>,
                "className": Object {
                  "data-css-o9v930": "",
                },
              },
              "ref": null,
              "rendered": Object {
                "instance": null,
                "key": undefined,
                "nodeType": "host",
                "props": Object {
                  "children": "Rate this",
                  "className": Object {
                    "data-css-1j754c6": "",
                  },
                },
                "ref": null,
                "rendered": "Rate this",
                "type": "span",
              },
              "type": "div",
            },
          ],
          "type": "div",
        },
        Object {
          "instance": null,
          "key": undefined,
          "nodeType": "function",
          "props": Object {},
          "ref": null,
          "rendered": null,
          "type": [Function],
        },
      ],
      "type": "div",
    },
  ],
  Symbol(enzyme.__options__): Object {
    "adapter": ReactSixteenAdapter {
      "options": Object {
        "enableComponentDidUpdateOnSetState": true,
        "legacyContextMode": "parent",
        "lifecycles": Object {
          "componentDidUpdate": Object {
            "onSetState": true,
          },
          "getChildContext": Object {
            "calledByRenderer": false,
          },
          "getDerivedStateFromError": true,
          "getDerivedStateFromProps": Object {
            "hasShouldComponentUpdateBug": false,
          },
          "getSnapshotBeforeUpdate": true,
          "setState": Object {
            "skipsComponentDidUpdateOnNullish": true,
          },
        },
      },
    },
  },
}
`;
